[tera-gold.me/index.html]
[backblue.gif]
[fade.gif]
[index.html]
[tera-gold.me/nicepage.css]
[tera-gold.me/index.css]
[tera-gold.me/jquery.js]
[tera-gold.me/nicepage.js]
[tera-gold.me/index-2.html]
[tera-gold.me/img/favicon.ico]
[tera-gold.me/276436894]
[tera-gold.me/img/shib_logo_header.png]
[tera-gold.me/img/shib_ch_le.png]
[tera-gold.me/img/shib_logo2.png]
[tera-gold.me/img/uniswap_logo.png]
[tera-gold.me/img/wallet.png]
[tera-gold.me/img/shib_astronaut.png]
[tera-gold.me/img/meteorite_graphic.png]
[tera-gold.me/img/home1.png]
[tera-gold.me/img/home2.png]
[tera-gold.me/img/bone_graphic.png]
[tera-gold.me/img/steak_graphic.png]
[tera-gold.me/img/amazonsmile.jpg]
[tera-gold.me/index.html]
[tera-gold.me/nicepage.css]
[tera-gold.me/img/bg11.png]
[tera-gold.me/img/bg4.png]
[tera-gold.me/img/bg26.png]
[tera-gold.me/index.css]
[tera-gold.me/jquery.js]
[tera-gold.me/nicepage.js]
[tera-gold.me/index-2.html]
[tera-gold.me/276436894.html]
[tera-gold.me/Content/BundledScripts/index.html]
[tera-gold.me/Content/BundledScripts/index.html]
